// Jest Snapshot v1, https://goo.gl/fbAQLP

exports[`Mission component should render with given state from redux store 1`] = `
<tr>
  <td>
    Teshome
  </td>
  <td>
    adfasdf as fads f
  </td>
  <td>
    <span
      className="statusActive"
    >
      Active Member
    </span>
  </td>
  <td>
    <button
      className="btnMission btnLeave"
      onClick={[Function]}
      type="button"
    >
      Leave Mission
    </button>
  </td>
</tr>
`;
